1    [XML-RPC-0] ERROR net.sf.jasperreports.extensions.DefaultExtensionsRegistry - Error instantiating extensions registry for simple.font.families from file:/mnt/custom-addons/odoo14/jasper_reports/java/jasperreports_extension.properties
1259 [XML-RPC-0] ERROR net.sf.jasperreports.extensions.DefaultExtensionsRegistry - Error instantiating extensions registry for simple.font.families.simple.font.families.sarabun from jar:file:/mnt/custom-addons/odoo14/jasper_reports/java/lib/sarabun-font-ext.jar!/jasperreports_extension.properties
net.sf.jasperreports.engine.JRRuntimeException: Could not load class fonts/sarabun-fonts.xml.
	at net.sf.jasperreports.engine.util.ClassUtils.instantiateClass(ClassUtils.java:71)
	at net.sf.jasperreports.extensions.DefaultExtensionsRegistry.instantiateRegistry(DefaultExtensionsRegistry.java:294)
	at net.sf.jasperreports.extensions.DefaultExtensionsRegistry.loadRegistries(DefaultExtensionsRegistry.java:270)
	at net.sf.jasperreports.extensions.DefaultExtensionsRegistry.loadRegistries(DefaultExtensionsRegistry.java:190)
	at net.sf.jasperreports.extensions.DefaultExtensionsRegistry.getRegistries(DefaultExtensionsRegistry.java:153)
	at net.sf.jasperreports.extensions.DefaultExtensionsRegistry.getExtensions(DefaultExtensionsRegistry.java:125)
	at net.sf.jasperreports.engine.DefaultJasperReportsContext.getExtensions(DefaultJasperReportsContext.java:277)
	at net.sf.jasperreports.engine.util.MessageUtil.getMessageProvider(MessageUtil.java:70)
	at net.sf.jasperreports.engine.JRRuntimeException.resolveMessage(JRRuntimeException.java:166)
	at net.sf.jasperreports.engine.JRRuntimeException.getMessage(JRRuntimeException.java:147)
	at net.sf.jasperreports.engine.JRRuntimeException.getMessage(JRRuntimeException.java:138)
	at java.lang.Throwable.getLocalizedMessage(Throwable.java:392)
	at java.lang.Throwable.toString(Throwable.java:481)
	at java.lang.String.valueOf(String.java:2994)
	at java.io.PrintWriter.println(PrintWriter.java:754)
	at java.lang.Throwable$WrappedPrintWriter.println(Throwable.java:765)
	at java.lang.Throwable.printStackTrace(Throwable.java:656)
	at java.lang.Throwable.printStackTrace(Throwable.java:722)
	at org.apache.log4j.spi.ThrowableInformation.getThrowableStrRep(ThrowableInformation.java:76)
	at org.apache.log4j.spi.LoggingEvent.getThrowableStrRep(LoggingEvent.java:407)
	at org.apache.log4j.WriterAppender.subAppend(WriterAppender.java:305)
	at org.apache.log4j.DailyRollingFileAppender.subAppend(DailyRollingFileAppender.java:359)
	at org.apache.log4j.WriterAppender.append(WriterAppender.java:160)
	at org.apache.log4j.AppenderSkeleton.doAppend(AppenderSkeleton.java:251)
	at org.apache.log4j.helpers.AppenderAttachableImpl.appendLoopOnAppenders(AppenderAttachableImpl.java:66)
	at org.apache.log4j.Category.callAppenders(Category.java:206)
	at org.apache.log4j.Category.forcedLog(Category.java:391)
	at org.apache.log4j.Category.log(Category.java:856)
	at org.slf4j.impl.Log4jLoggerAdapter.log(Log4jLoggerAdapter.java:509)
	at org.apache.commons.logging.impl.SLF4JLocationAwareLog.error(SLF4JLocationAwareLog.java:194)
	at net.sf.jasperreports.extensions.DefaultExtensionsRegistry.loadRegistries(DefaultExtensionsRegistry.java:209)
	at net.sf.jasperreports.extensions.DefaultExtensionsRegistry.getRegistries(DefaultExtensionsRegistry.java:153)
	at net.sf.jasperreports.extensions.DefaultExtensionsRegistry.getExtensions(DefaultExtensionsRegistry.java:125)
	at net.sf.jasperreports.engine.util.JRStyledTextParser.<clinit>(JRStyledTextParser.java:86)
	at net.sf.jasperreports.engine.fill.JRBaseFiller.<init>(JRBaseFiller.java:111)
	at net.sf.jasperreports.engine.fill.JRVerticalFiller.<init>(JRVerticalFiller.java:69)
	at net.sf.jasperreports.engine.fill.JRVerticalFiller.<init>(JRVerticalFiller.java:57)
	at net.sf.jasperreports.engine.fill.JRFiller.createBandReportFiller(JRFiller.java:219)
	at net.sf.jasperreports.engine.fill.JRFiller.createReportFiller(JRFiller.java:234)
	at net.sf.jasperreports.engine.fill.JRFiller.fill(JRFiller.java:134)
	at net.sf.jasperreports.engine.JasperFillManager.fill(JasperFillManager.java:667)
	at net.sf.jasperreports.engine.JasperFillManager.fillReport(JasperFillManager.java:983)
	at com.nantic.jasperreports.JasperServer.privateExecute(JasperServer.java:220)
	at com.nantic.jasperreports.JasperServer.execute(JasperServer.java:129)
	at sun.reflect.NativeMethodAccessorImpl.invoke0(Native Method)
	at sun.reflect.NativeMethodAccessorImpl.invoke(NativeMethodAccessorImpl.java:62)
	at sun.reflect.DelegatingMethodAccessorImpl.invoke(DelegatingMethodAccessorImpl.java:43)
	at java.lang.reflect.Method.invoke(Method.java:498)
	at org.apache.xmlrpc.server.ReflectiveXmlRpcHandler.invoke(ReflectiveXmlRpcHandler.java:112)
	at org.apache.xmlrpc.server.ReflectiveXmlRpcHandler.execute(ReflectiveXmlRpcHandler.java:103)
	at org.apache.xmlrpc.server.XmlRpcServerWorker.execute(XmlRpcServerWorker.java:43)
	at org.apache.xmlrpc.server.XmlRpcServer.execute(XmlRpcServer.java:83)
	at org.apache.xmlrpc.server.XmlRpcStreamServer.execute(XmlRpcStreamServer.java:191)
	at org.apache.xmlrpc.webserver.Connection.run(Connection.java:205)
	at org.apache.xmlrpc.util.ThreadPool$Poolable$1.run(ThreadPool.java:68)
Caused by: java.lang.ClassNotFoundException: fonts/sarabun-fonts.xml
	at java.lang.Class.forName0(Native Method)
	at java.lang.Class.forName(Class.java:348)
	at net.sf.jasperreports.engine.util.JRClassLoader.loadClassForRealName(JRClassLoader.java:174)
	at net.sf.jasperreports.engine.util.JRClassLoader.loadClassForName(JRClassLoader.java:114)
	at net.sf.jasperreports.engine.util.ClassUtils.instantiateClass(ClassUtils.java:59)
	... 54 more
net.sf.jasperreports.engine.JRRuntimeException: Could not load class net.sf.jasperreports.engine.fonts.SimpleFontExtensionHelperFactory.
	at net.sf.jasperreports.engine.util.ClassUtils.instantiateClass(ClassUtils.java:71)
	at net.sf.jasperreports.extensions.DefaultExtensionsRegistry.instantiateRegistry(DefaultExtensionsRegistry.java:294)
	at net.sf.jasperreports.extensions.DefaultExtensionsRegistry.loadRegistries(DefaultExtensionsRegistry.java:270)
	at net.sf.jasperreports.extensions.DefaultExtensionsRegistry.loadRegistries(DefaultExtensionsRegistry.java:190)
	at net.sf.jasperreports.extensions.DefaultExtensionsRegistry.getRegistries(DefaultExtensionsRegistry.java:153)
	at net.sf.jasperreports.extensions.DefaultExtensionsRegistry.getExtensions(DefaultExtensionsRegistry.java:125)
	at net.sf.jasperreports.engine.util.JRStyledTextParser.<clinit>(JRStyledTextParser.java:86)
	at net.sf.jasperreports.engine.fill.JRBaseFiller.<init>(JRBaseFiller.java:111)
	at net.sf.jasperreports.engine.fill.JRVerticalFiller.<init>(JRVerticalFiller.java:69)
	at net.sf.jasperreports.engine.fill.JRVerticalFiller.<init>(JRVerticalFiller.java:57)
	at net.sf.jasperreports.engine.fill.JRFiller.createBandReportFiller(JRFiller.java:219)
	at net.sf.jasperreports.engine.fill.JRFiller.createReportFiller(JRFiller.java:234)
	at net.sf.jasperreports.engine.fill.JRFiller.fill(JRFiller.java:134)
	at net.sf.jasperreports.engine.JasperFillManager.fill(JasperFillManager.java:667)
	at net.sf.jasperreports.engine.JasperFillManager.fillReport(JasperFillManager.java:983)
	at com.nantic.jasperreports.JasperServer.privateExecute(JasperServer.java:220)
	at com.nantic.jasperreports.JasperServer.execute(JasperServer.java:129)
	at sun.reflect.NativeMethodAccessorImpl.invoke0(Native Method)
	at sun.reflect.NativeMethodAccessorImpl.invoke(NativeMethodAccessorImpl.java:62)
	at sun.reflect.DelegatingMethodAccessorImpl.invoke(DelegatingMethodAccessorImpl.java:43)
	at java.lang.reflect.Method.invoke(Method.java:498)
	at org.apache.xmlrpc.server.ReflectiveXmlRpcHandler.invoke(ReflectiveXmlRpcHandler.java:112)
	at org.apache.xmlrpc.server.ReflectiveXmlRpcHandler.execute(ReflectiveXmlRpcHandler.java:103)
	at org.apache.xmlrpc.server.XmlRpcServerWorker.execute(XmlRpcServerWorker.java:43)
	at org.apache.xmlrpc.server.XmlRpcServer.execute(XmlRpcServer.java:83)
	at org.apache.xmlrpc.server.XmlRpcStreamServer.execute(XmlRpcStreamServer.java:191)
	at org.apache.xmlrpc.webserver.Connection.run(Connection.java:205)
	at org.apache.xmlrpc.util.ThreadPool$Poolable$1.run(ThreadPool.java:68)
Caused by: java.lang.ClassNotFoundException: net.sf.jasperreports.engine.fonts.SimpleFontExtensionHelperFactory
	at java.net.URLClassLoader.findClass(URLClassLoader.java:387)
	at java.lang.ClassLoader.loadClass(ClassLoader.java:418)
	at sun.misc.Launcher$AppClassLoader.loadClass(Launcher.java:352)
	at java.lang.ClassLoader.loadClass(ClassLoader.java:351)
	at java.lang.Class.forName0(Native Method)
	at java.lang.Class.forName(Class.java:348)
	at net.sf.jasperreports.engine.util.JRClassLoader.loadClassForRealName(JRClassLoader.java:174)
	at net.sf.jasperreports.engine.util.JRClassLoader.loadClassForName(JRClassLoader.java:114)
	at net.sf.jasperreports.engine.util.ClassUtils.instantiateClass(ClassUtils.java:59)
	... 27 more
